// Jest Snapshot v1, https://goo.gl/fbAQLP

exports[`<List /> rendering should match snapshot 1`] = `
<Styled(div)
  role="group"
>
  <ListItem
    activeBackgroundColor="#007bff"
    activeBorderColor="#007bff"
    activeColor="#fff"
    backgroundColor="#fff"
    borderColor="rgba(0, 0, 0, 0.125)"
    color="#000"
    hoverBackgroundColor="#f8f9fa"
    isActive={false}
  >
    List item
  </ListItem>
  <ListItem
    activeBackgroundColor="#007bff"
    activeBorderColor="#007bff"
    activeColor="#fff"
    backgroundColor="#fff"
    borderColor="rgba(0, 0, 0, 0.125)"
    color="#000"
    hoverBackgroundColor="#f8f9fa"
    isActive={true}
  >
    List item
  </ListItem>
  <ListItem
    activeBackgroundColor="#007bff"
    activeBorderColor="#007bff"
    activeColor="#fff"
    backgroundColor="#fff"
    borderColor="rgba(0, 0, 0, 0.125)"
    color="#000"
    hoverBackgroundColor="#f8f9fa"
    isActive={false}
  >
    List item
  </ListItem>
</Styled(div)>
`;
