// Jest Snapshot v1, https://goo.gl/fbAQLP

exports[`<List /> rendering should match snapshot 1`] = `
<Icon
  iconComponent={[Function]}
/>
`;
