// Jest Snapshot v1, https://goo.gl/fbAQLP

exports[`<Icon /> rendering should match snapshot 1`] = `
<Facebook
  size="1.5em"
/>
`;
