// Jest Snapshot v1, https://goo.gl/fbAQLP

exports[`<Divider /> rendering should match snapshot 1`] = `
<Styled(hr)
  color="orange"
/>
`;
